{
  "extends": "../tsconfig.base",
  "include": ["./foo.ts"],
  "compilerOptions": {
    "composite": true,
    "strict": true,
    "strictNullChecks": true
  }
}
