{
  "include": [
    "./foo.ts"
  ],
  "extends": "../tsconfig.base",
  "compilerOptions": {
    "strict": true,
    "composite": true,
    "strictNullChecks": true
  }
}
