{
  "extends": "../tsconfig.base",
  "compilerOptions": {
    "composite": true,
    "strict": false,
    "strictNullChecks": true
  },
  "compileOnSave": false
}
