{
  "extends": "../tsconfig.base",
  "compilerOptions": {
    "strict": false,
    "composite": true,
    "strictNullChecks": true
  }
}
