{
  "extends": "./tsconfig.base",
  "include": [
    "src/**/*"
  ],
  "exclude": [
    "src/**/*.spec.ts"
  ],
  "compilerOptions": {
    "strict": true,
    "composite": true,
    "strictNullChecks": true
  }
}
