{
  "extends": "./tsconfig.base",
  "include": [
    "src/**/*.spec.ts"
  ],
  "compilerOptions": {
    "strict": false,
    "composite": true,
    "strictNullChecks": true
  }
}
