{
  "extends": "./tsconfig.base",
  "include": ["src/**/*"],
  "exclude": ["src/**/*.spec.ts"],
  "compilerOptions": {
    "composite": true,
    "strict": true,
    "strictNullChecks": true
  }
}
