{
  "extends": "./tsconfig.base",
  "include": ["src/**/*.spec.ts"],
  "compilerOptions": {
    "composite": true,
    "strict": false,
    "strictNullChecks": true
  },
  "compileOnSave": false
}
